{
"username_1":"supervisor_1",
"username_2":"supervisor_1",
"username_3":"supervisor_1",
"username_4":"supervisor_1",
"username_5":"supervisor_1",
"username_6":"supervisor_2",
"username_7":"supervisor_2",
"username_8":"supervisor_2",
"username_9":"supervisor_2",
"username_10":"supervisor_2",
"username_11":"supervisor_3",
"username_12":"supervisor_3",
"username_13":"supervisor_3",
"username_14":"supervisor_3",
"username_15":"supervisor_3",
"username_16":"supervisor_4",
"username_17":"supervisor_4",
"username_18":"supervisor_4",
"username_19":"supervisor_4",
"username_20":"supervisor_4"
}