{
"username_1":"supervisor_4",
"username_2":"supervisor_4",
"username_3":"supervisor_4",
"username_4":"supervisor_4",
"username_5":"supervisor_4",
"username_6":"supervisor_3",
"username_7":"supervisor_3",
"username_8":"supervisor_3",
"username_9":"supervisor_3",
"username_10":"supervisor_3",
"username_11":"supervisor_2",
"username_12":"supervisor_2",
"username_13":"supervisor_2",
"username_14":"supervisor_2",
"username_15":"supervisor_2",
"username_16":"supervisor_1",
"username_17":"supervisor_1",
"username_18":"supervisor_1",
"username_19":"supervisor_1",
"username_20":"supervisor_1"
}